// Jest Snapshot v1, https://goo.gl/fbAQLP

exports[`RouterLink renders router link correctly 1`] = `
<DocumentFragment>
  <a
    class="anchorLink"
    href="/docs"
  >
    Link to docs
  </a>
</DocumentFragment>
`;
